{"level":"info","message":"Request Method: OPTIONS, Request URL: /api/like_post, Request Body: undefined","timestamp":"2024-11-03T14:34:52.892Z"}
{"level":"info","message":"Response Status: 204","timestamp":"2024-11-03T14:34:52.914Z"}
{"level":"info","message":"Request Method: OPTIONS, Request URL: /api/user_feed, Request Body: undefined","timestamp":"2024-11-03T14:34:53.918Z"}
{"level":"info","message":"Response Status: 204","timestamp":"2024-11-03T14:34:53.924Z"}
{"level":"info","message":"Request Method: POST, Request URL: /api/like_post, Request Body: undefined","timestamp":"2024-11-03T14:34:53.930Z"}
{"level":"info","message":"Response Status: 401","timestamp":"2024-11-03T14:34:54.012Z"}
{"level":"info","message":"Request Method: OPTIONS, Request URL: /api/user_feed, Request Body: undefined","timestamp":"2024-11-03T14:34:54.019Z"}
{"level":"info","message":"Response Status: 204","timestamp":"2024-11-03T14:34:54.022Z"}
{"level":"info","message":"Request Method: GET, Request URL: /api/user_feed, Request Body: undefined","timestamp":"2024-11-03T14:34:54.027Z"}
{"level":"info","message":"Response Status: 401","timestamp":"2024-11-03T14:34:54.044Z"}
{"level":"info","message":"Request Method: OPTIONS, Request URL: /api/refresh-token, Request Body: undefined","timestamp":"2024-11-03T14:34:54.048Z"}
{"level":"info","message":"Response Status: 204","timestamp":"2024-11-03T14:34:54.050Z"}
{"level":"info","message":"Request Method: GET, Request URL: /api/user_feed, Request Body: undefined","timestamp":"2024-11-03T14:34:54.054Z"}
{"level":"info","message":"Response Status: 401","timestamp":"2024-11-03T14:34:54.064Z"}
{"level":"info","message":"Request Method: POST, Request URL: /api/refresh-token, Request Body: undefined","timestamp":"2024-11-03T14:34:54.070Z"}
{"level":"info","message":"Response Status: 404","timestamp":"2024-11-03T14:34:54.077Z"}
{"level":"info","message":"Request Method: POST, Request URL: /api/refresh-token, Request Body: undefined","timestamp":"2024-11-03T14:34:54.080Z"}
{"level":"info","message":"Response Status: 404","timestamp":"2024-11-03T14:34:54.084Z"}
{"level":"info","message":"Request Method: POST, Request URL: /api/refresh-token, Request Body: undefined","timestamp":"2024-11-03T14:34:54.087Z"}
{"level":"info","message":"Response Status: 404","timestamp":"2024-11-03T14:34:54.090Z"}
{"level":"info","message":"Request Method: OPTIONS, Request URL: /api/like_post, Request Body: undefined","timestamp":"2024-11-03T14:35:39.987Z"}
{"level":"info","message":"Response Status: 204","timestamp":"2024-11-03T14:35:39.990Z"}
{"level":"info","message":"Request Method: POST, Request URL: /api/like_post, Request Body: undefined","timestamp":"2024-11-03T14:35:39.997Z"}
{"level":"info","message":"Response Status: 401","timestamp":"2024-11-03T14:35:40.010Z"}
{"level":"info","message":"Request Method: OPTIONS, Request URL: /api/user_signin, Request Body: undefined","timestamp":"2024-11-03T14:35:49.533Z"}
{"level":"info","message":"Response Status: 204","timestamp":"2024-11-03T14:35:49.534Z"}
{"level":"info","message":"Request Method: POST, Request URL: /api/user_signin, Request Body: undefined","timestamp":"2024-11-03T14:35:49.537Z"}
{"level":"info","message":"Response Status: 200","timestamp":"2024-11-03T14:35:49.704Z"}
{"level":"info","message":"Request Method: OPTIONS, Request URL: /api/user_feed, Request Body: undefined","timestamp":"2024-11-03T14:35:49.764Z"}
{"level":"info","message":"Response Status: 204","timestamp":"2024-11-03T14:35:49.766Z"}
{"level":"info","message":"Request Method: OPTIONS, Request URL: /api/like_post, Request Body: undefined","timestamp":"2024-11-03T14:35:49.767Z"}
{"level":"info","message":"Response Status: 204","timestamp":"2024-11-03T14:35:49.768Z"}
{"level":"info","message":"Request Method: OPTIONS, Request URL: /api/user_feed, Request Body: undefined","timestamp":"2024-11-03T14:35:49.769Z"}
{"level":"info","message":"Response Status: 204","timestamp":"2024-11-03T14:35:49.770Z"}
{"level":"info","message":"Request Method: GET, Request URL: /api/user_feed, Request Body: undefined","timestamp":"2024-11-03T14:35:49.773Z"}
{"level":"info","message":"Request Method: POST, Request URL: /api/like_post, Request Body: undefined","timestamp":"2024-11-03T14:35:49.781Z"}
{"level":"info","message":"Response Status: 200","timestamp":"2024-11-03T14:35:49.834Z"}
{"level":"info","message":"Fetching posts for user ID: 6725df308dac82258e1c365b","timestamp":"2024-11-03T14:35:50.114Z"}
{"level":"info","message":"Followed User IDs: 6725b644d0d7477f5af5b607","timestamp":"2024-11-03T14:35:50.114Z"}
{"level":"info","message":"Fetched posts successfully:","timestamp":"2024-11-03T14:35:50.160Z"}
{"level":"info","message":"Response Status: 304","timestamp":"2024-11-03T14:35:50.162Z"}
{"level":"info","message":"Request Method: GET, Request URL: /api/user_feed, Request Body: undefined","timestamp":"2024-11-03T14:35:50.165Z"}
{"level":"info","message":"Request Method: POST, Request URL: /api/like_post, Request Body: undefined","timestamp":"2024-11-03T14:35:50.270Z"}
{"level":"info","message":"Response Status: 200","timestamp":"2024-11-03T14:35:50.322Z"}
{"level":"info","message":"Fetching posts for user ID: 6725df308dac82258e1c365b","timestamp":"2024-11-03T14:35:50.340Z"}
{"level":"info","message":"Followed User IDs: 6725b644d0d7477f5af5b607","timestamp":"2024-11-03T14:35:50.341Z"}
{"level":"info","message":"Fetched posts successfully:","timestamp":"2024-11-03T14:35:50.386Z"}
{"level":"info","message":"Response Status: 304","timestamp":"2024-11-03T14:35:50.388Z"}
{"level":"info","message":"Request Method: POST, Request URL: /api/like_post, Request Body: undefined","timestamp":"2024-11-03T14:35:50.418Z"}
{"level":"info","message":"Response Status: 200","timestamp":"2024-11-03T14:35:50.475Z"}
